src/app/api/cars/brand/[slug]/route.ts(58,60): error TS2345: Argument of type '{ brand: string; fuelType?: string | string[] | undefined; transmission?: string | string[] | undefined; page?: number | undefined; minPrice?: number | undefined; maxPrice?: number | undefined; sortBy?: "price" | ... 3 more ... | undefined; sortOrder?: "asc" | ... 1 more ... | undefined; }' is not assignable to parameter of type 'CarFilterParams'.
  Types of property 'fuelType' are incompatible.
    Type 'string | string[] | undefined' is not assignable to type 'FuelType | FuelType[] | undefined'.
      Type 'string' is not assignable to type 'FuelType | FuelType[] | undefined'.
src/app/api/cars/route.ts(90,60): error TS2345: Argument of type '{ brand?: string | string[] | undefined; fuelType?: string | string[] | undefined; transmission?: string | string[] | undefined; bodyType?: string | string[] | undefined; isFeatured?: boolean | undefined; ... 8 more ...; sortOrder?: "asc" | ... 1 more ... | undefined; }' is not assignable to parameter of type 'CarFilterParams'.
  Types of property 'fuelType' are incompatible.
    Type 'string | string[] | undefined' is not assignable to type 'FuelType | FuelType[] | undefined'.
      Type 'string' is not assignable to type 'FuelType | FuelType[] | undefined'.
src/components/public/listing/CarCard.tsx(3,52): error TS6133: 'Users' is declared but its value is never read.
src/lib/auth.ts(45,30): error TS2339: Property 'id' does not exist on type '{ name?: string | null | undefined; email?: string | null | undefined; image?: string | null | undefined; }'.
